[INFO] Scanning for projects...
[INFO] 
[INFO] ---------------< com.modernjavainaction:java-playground >---------------
[INFO] Building Modern Java in Action Playground 1.0-SNAPSHOT
[INFO] --------------------------------[ jar ]---------------------------------
[INFO] 
[INFO] --- maven-resources-plugin:2.6:resources (default-resources) @ java-playground ---
[INFO] Using 'UTF-8' encoding to copy filtered resources.
[INFO] skip non existing resourceDirectory C:\Users\jmumo\Pictures\Modern Java in Action\java-playground\src\main\resources
[INFO] 
[INFO] --- maven-compiler-plugin:3.11.0:compile (default-compile) @ java-playground ---
[INFO] Changes detected - recompiling the module! :source
[INFO] Compiling 25 source files with javac [debug target 1.8] to target\classes
[INFO] Some messages have been simplified; recompile with -Xdiags:verbose to get full output
[INFO] -------------------------------------------------------------
[ERROR] COMPILATION ERROR : 
[INFO] -------------------------------------------------------------
[ERROR] /C:/Users/jmumo/Pictures/Modern Java in Action/java-playground/src/main/java/com/modernjavainaction/part5_concurrency/chapter17_reactive_programming/ReactiveProgramming.java:[3,1] package java.util.concurrent.Flow does not exist
[ERROR] /C:/Users/jmumo/Pictures/Modern Java in Action/java-playground/src/main/java/com/modernjavainaction/part5_concurrency/chapter17_reactive_programming/ReactiveProgramming.java:[4,28] cannot find symbol
  symbol:   class SubmissionPublisher
  location: package java.util.concurrent
[ERROR] /C:/Users/jmumo/Pictures/Modern Java in Action/java-playground/src/main/java/com/modernjavainaction/part5_concurrency/chapter17_reactive_programming/ReactiveProgramming.java:[86,13] cannot find symbol
  symbol:   class SubmissionPublisher
  location: class com.modernjavainaction.part5_concurrency.chapter17_reactive_programming.ReactiveProgramming
[ERROR] /C:/Users/jmumo/Pictures/Modern Java in Action/java-playground/src/main/java/com/modernjavainaction/part5_concurrency/chapter17_reactive_programming/ReactiveProgramming.java:[86,57] cannot find symbol
  symbol:   class SubmissionPublisher
  location: class com.modernjavainaction.part5_concurrency.chapter17_reactive_programming.ReactiveProgramming
[ERROR] /C:/Users/jmumo/Pictures/Modern Java in Action/java-playground/src/main/java/com/modernjavainaction/part5_concurrency/chapter17_reactive_programming/ReactiveProgramming.java:[89,13] cannot find symbol
  symbol:   class Subscriber
  location: class com.modernjavainaction.part5_concurrency.chapter17_reactive_programming.ReactiveProgramming
[ERROR] /C:/Users/jmumo/Pictures/Modern Java in Action/java-playground/src/main/java/com/modernjavainaction/part5_concurrency/chapter17_reactive_programming/ReactiveProgramming.java:[89,49] cannot find symbol
  symbol:   class Subscriber
  location: class com.modernjavainaction.part5_concurrency.chapter17_reactive_programming.ReactiveProgramming
[ERROR] /C:/Users/jmumo/Pictures/Modern Java in Action/java-playground/src/main/java/com/modernjavainaction/part6_functional_programming/chapter18_thinking_functionally/ThinkingFunctionally.java:[103,37] cannot find symbol
  symbol:   method of(java.lang.String,java.lang.String)
  location: interface java.util.List
[ERROR] /C:/Users/jmumo/Pictures/Modern Java in Action/java-playground/src/main/java/com/modernjavainaction/part6_functional_programming/chapter18_thinking_functionally/ThinkingFunctionally.java:[134,33] cannot find symbol
  symbol:   method of(int,int,int)
  location: interface java.util.List
[ERROR] /C:/Users/jmumo/Pictures/Modern Java in Action/java-playground/src/main/java/com/modernjavainaction/part6_functional_programming/chapter19_fp_techniques/FpTechniques.java:[163,49] incompatible types: int[] cannot be converted to int
[ERROR] /C:/Users/jmumo/Pictures/Modern Java in Action/java-playground/src/main/java/com/modernjavainaction/part2_streams/chapter04_introducing_streams/IntroducingStreams.java:[68,9] cannot find symbol
  symbol:   class var
  location: class com.modernjavainaction.part2_streams.chapter04_introducing_streams.IntroducingStreams
[ERROR] /C:/Users/jmumo/Pictures/Modern Java in Action/java-playground/src/main/java/com/modernjavainaction/sandbox/Playground.java:[33,31] cannot find symbol
  symbol:   method repeat(int)
  location: class java.lang.String
[INFO] 11 errors 
[INFO] -------------------------------------------------------------
[INFO] ------------------------------------------------------------------------
[INFO] BUILD FAILURE
[INFO] ------------------------------------------------------------------------
[INFO] Total time:  3.731 s
[INFO] Finished at: 2026-01-06T14:44:37+03:00
[INFO] ------------------------------------------------------------------------
[ERROR] Failed to execute goal org.apache.maven.plugins:maven-compiler-plugin:3.11.0:compile (default-compile) on project java-playground: Compilation failure: Compilation failure: 
[ERROR] /C:/Users/jmumo/Pictures/Modern Java in Action/java-playground/src/main/java/com/modernjavainaction/part5_concurrency/chapter17_reactive_programming/ReactiveProgramming.java:[3,1] package java.util.concurrent.Flow does not exist
[ERROR] /C:/Users/jmumo/Pictures/Modern Java in Action/java-playground/src/main/java/com/modernjavainaction/part5_concurrency/chapter17_reactive_programming/ReactiveProgramming.java:[4,28] cannot find symbol
[ERROR]   symbol:   class SubmissionPublisher
[ERROR]   location: package java.util.concurrent
[ERROR] /C:/Users/jmumo/Pictures/Modern Java in Action/java-playground/src/main/java/com/modernjavainaction/part5_concurrency/chapter17_reactive_programming/ReactiveProgramming.java:[86,13] cannot find symbol
[ERROR]   symbol:   class SubmissionPublisher
[ERROR]   location: class com.modernjavainaction.part5_concurrency.chapter17_reactive_programming.ReactiveProgramming
[ERROR] /C:/Users/jmumo/Pictures/Modern Java in Action/java-playground/src/main/java/com/modernjavainaction/part5_concurrency/chapter17_reactive_programming/ReactiveProgramming.java:[86,57] cannot find symbol
[ERROR]   symbol:   class SubmissionPublisher
[ERROR]   location: class com.modernjavainaction.part5_concurrency.chapter17_reactive_programming.ReactiveProgramming
[ERROR] /C:/Users/jmumo/Pictures/Modern Java in Action/java-playground/src/main/java/com/modernjavainaction/part5_concurrency/chapter17_reactive_programming/ReactiveProgramming.java:[89,13] cannot find symbol
[ERROR]   symbol:   class Subscriber
[ERROR]   location: class com.modernjavainaction.part5_concurrency.chapter17_reactive_programming.ReactiveProgramming
[ERROR] /C:/Users/jmumo/Pictures/Modern Java in Action/java-playground/src/main/java/com/modernjavainaction/part5_concurrency/chapter17_reactive_programming/ReactiveProgramming.java:[89,49] cannot find symbol
[ERROR]   symbol:   class Subscriber
[ERROR]   location: class com.modernjavainaction.part5_concurrency.chapter17_reactive_programming.ReactiveProgramming
[ERROR] /C:/Users/jmumo/Pictures/Modern Java in Action/java-playground/src/main/java/com/modernjavainaction/part6_functional_programming/chapter18_thinking_functionally/ThinkingFunctionally.java:[103,37] cannot find symbol
[ERROR]   symbol:   method of(java.lang.String,java.lang.String)
[ERROR]   location: interface java.util.List
[ERROR] /C:/Users/jmumo/Pictures/Modern Java in Action/java-playground/src/main/java/com/modernjavainaction/part6_functional_programming/chapter18_thinking_functionally/ThinkingFunctionally.java:[134,33] cannot find symbol
[ERROR]   symbol:   method of(int,int,int)
[ERROR]   location: interface java.util.List
[ERROR] /C:/Users/jmumo/Pictures/Modern Java in Action/java-playground/src/main/java/com/modernjavainaction/part6_functional_programming/chapter19_fp_techniques/FpTechniques.java:[163,49] incompatible types: int[] cannot be converted to int
[ERROR] /C:/Users/jmumo/Pictures/Modern Java in Action/java-playground/src/main/java/com/modernjavainaction/part2_streams/chapter04_introducing_streams/IntroducingStreams.java:[68,9] cannot find symbol
[ERROR]   symbol:   class var
[ERROR]   location: class com.modernjavainaction.part2_streams.chapter04_introducing_streams.IntroducingStreams
[ERROR] /C:/Users/jmumo/Pictures/Modern Java in Action/java-playground/src/main/java/com/modernjavainaction/sandbox/Playground.java:[33,31] cannot find symbol
[ERROR]   symbol:   method repeat(int)
[ERROR]   location: class java.lang.String
[ERROR] -> [Help 1]
[ERROR] 
[ERROR] To see the full stack trace of the errors, re-run Maven with the -e switch.
[ERROR] Re-run Maven using the -X switch to enable full debug logging.
[ERROR] 
[ERROR] For more information about the errors and possible solutions, please read the following articles:
[ERROR] [Help 1] http://cwiki.apache.org/confluence/display/MAVEN/MojoFailureException
